// Bun Snapshot v1, https://bun.sh/docs/test/snapshots

exports[`CommandBar renders the default layout with opencode-style chrome 1`] = `
"                                                                                
                                                                                
                Commands                                                        
                Search                                                          
                                                                                
                Tickers                                                         
                AAPL                                    NASDAQ                  
                MSFT                                    NASDAQ                  
                                                                                
                Panes                                                           
                New Portfolio Pane                      PF                      
                New Chat Pane                           CHAT                    
                Quote Monitor                           QQ                      
                                                                                
                Search                                                          
                Search Ticker                           T                       
                                                                                
                Navigation                                                      
                Help                                    HELP                    
                                                                                
                                                                                
                                                                                
                                                                                
                                                                                
"
`;

exports[`CommandBar renders theme prefix results in the root query 1`] = `
"                                                                                
                                                                                
                Commands                                                        
                TH                                                              
                                                                                
                Themes                                                          
                Amber                                   current                 
                Green Phosphor                                                  
                Cyan                                                            
                Red Phosphor                                                    
                Blue Phosphor                                                   
                Purple Phosphor                                                 
                Hot Pink                                                        
                White Phosphor                                                  
                Tokyo Night                                                     
                Solarized Dark                                                  
                Dracula                                                         
                Nord                                                            
                Monokai                                                         
                Catppuccin Mocha                                                
                                                                                
                                                                                
                                                                                
                                                                                
"
`;

exports[`CommandBar renders plugin toggle state 1`] = `
"                                                                                
                                                                                
                Commands                                                        
                PL                                                              
                                                                                
                Plugins                                                         
                News                                    on                      
                Notes                                   off                     
                                                                                
                                                                                
                                                                                
                                                                                
                                                                                
                                                                                
                                                                                
                                                                                
                                                                                
                                                                                
                                                                                
                                                                                
                                                                                
                                                                                
                                                                                
                                                                                
"
`;

exports[`CommandBar collapses the trailing column on narrow terminals 1`] = `
"                                          
                                          
       Commands                           
       Search                             
                                          
       Tickers                            
       AAPL                        NASDAQ 
       MSFT                        NASDAQ 
                                          
       Panes                              
       New Portfolio Pane          PF     
       New Chat Pane               CHAT   
       Quote Monitor               QQ     
                                          
       Search                             
       Search Ticker               T      
                                          
                                          
                                          
                                          
"
`;

exports[`CommandBar groups ticker search sections and keeps saved matches above looser provider results 1`] = `
"                                                                                
                                                                                
                Commands                                                        
                T appl                                                          
                Shortcut: Open APPL                                             
                Saved                                                           
                AAPL                                    NASDAQ                  
                                                                                
                Other Listings                                                  
                APP                                     NASDAQ                  
                AMAT                                    NASDAQ                  
                AAOI                                    NASDAQ                  
                                                                                
                                                                                
                                                                                
                                                                                
                                                                                
                                                                                
                                                                                
                                                                                
                                                                                
                                                                                
                                                                                
                                                                                
"
`;
